\BOOKMARK [1][-]{section.1}{\376\377\137\025\212\000\116\016\162\151\164\006\200\314\146\157\000\040\000\050\000I\000n\000t\000r\000o\000d\000u\000c\000t\000i\000o\000n\000\040\000\046\000\040\000P\000h\000y\000s\000i\000c\000a\000l\000\040\000C\000o\000n\000t\000e\000x\000t\000\051}{}% 1
\BOOKMARK [1][-]{section.2}{\376\377\164\006\213\272\145\271\154\325\116\016\145\160\133\146\121\154\137\017\000\040\000\050\000T\000h\000e\000o\000r\000e\000t\000i\000c\000a\000l\000\040\000F\000o\000r\000m\000u\000l\000a\000t\000i\000o\000n\000s\000\051}{}% 2
\BOOKMARK [2][-]{subsection.2.1}{\376\377\210\370\150\007\221\317\121\335\200\132\166\204\226\217\147\072\156\220\123\315\157\024\000\040\000\050\000B\000a\000r\000e\000\040\000C\000o\000n\000d\000e\000n\000s\000a\000t\000e\000s\000\040\000v\000i\000a\000\040\000S\000t\000o\000c\000h\000a\000s\000t\000i\000c\000\040\000N\000o\000i\000s\000e\000\051}{section.2}% 3
\BOOKMARK [2][-]{subsection.2.2}{\376\377\153\213\117\131\215\050\221\317\116\016\000\040\000Z\000m\000\040\215\050\221\317\221\315\145\164\123\026\126\340\133\120}{section.2}% 4
\BOOKMARK [2][-]{subsection.2.3}{\376\377\142\143\226\144\116\016\221\315\145\164\123\026\142\113\137\201\121\335\200\132\000\040\000\050\000D\000e\000l\000t\000a\000l\000s\000\051}{section.2}% 5
\BOOKMARK [2][-]{subsection.2.4}{\376\377\147\011\226\120\156\051\136\246\116\016\145\366\172\172\121\340\117\125\121\163\174\373\000\040\000\050\000F\000i\000n\000i\000t\000e\000\040\000T\000e\000m\000p\000e\000r\000a\000t\000u\000r\000e\000\040\000L\000a\000t\000t\000i\000c\000e\000\040\000G\000e\000o\000m\000e\000t\000r\000y\000\051}{section.2}% 6
\BOOKMARK [2][-]{subsection.2.5}{\376\377\000J\000a\000c\000k\000k\000n\000i\000f\000e\000\040\145\340\120\117\221\315\221\307\150\067\176\337\213\241\213\357\135\356\122\006\147\220}{section.2}% 7
\BOOKMARK [1][-]{section.3}{\376\377\121\150\221\317\150\074\160\271\145\160\143\156\226\306\116\016\213\241\173\227\176\323\147\234\000\040\000\050\000C\000o\000m\000p\000l\000e\000t\000e\000\040\000D\000a\000t\000a\000\040\000T\000a\000b\000l\000e\000s\000\051}{}% 8
\BOOKMARK [2][-]{subsection.3.1}{\376\377\150\007\121\306\000\040\0004\0008\0003\000\040\000x\000\040\0001\0006\000\040\156\051\136\246\142\153\143\317\136\217\122\027\000\040\000\050\0008\000\040\176\304\162\151\164\006\127\372\121\306\160\271\000\051}{section.3}% 9
\BOOKMARK [2][-]{subsection.3.2}{\376\377\131\026\220\350\213\241\173\227\202\202\160\271\122\006\136\003\137\017\150\074\160\271\145\160\143\156\143\320\123\326\000\040\000\050\000o\000u\000t\000p\000u\000t\000/\000c\000o\000n\000d\000e\000n\000s\000a\000t\000e\000/\000\051}{section.3}% 10
\BOOKMARK [2][-]{subsection.3.3}{\376\377\000P\000a\000r\000s\000e\000L\000Q\000C\000D\000a\000t\000a\000\040\116\016\000\040\000a\000n\000a\000\040\127\372\121\306\145\160\120\074\126\336\137\122\116\000\201\364\140\047\232\214\213\301}{section.3}% 11
\BOOKMARK [1][-]{section.4}{\376\377\162\151\164\006\126\376\210\150\134\125\171\072\116\016\133\371\153\324\122\006\147\220\000\040\000\050\000V\000i\000s\000u\000a\000l\000i\000z\000a\000t\000i\000o\000n\000s\000\040\000\046\000\040\000I\000n\000-\000d\000e\000p\000t\000h\000\040\000P\000h\000y\000s\000i\000c\000s\000\040\000A\000n\000a\000l\000y\000s\000i\000s\000\051}{}% 12
\BOOKMARK [2][-]{subsection.4.1}{\376\377\221\315\145\164\123\026\142\113\137\201\121\335\200\132\226\217\156\051\136\246\157\024\123\026\000\040\000\050\000D\000e\000l\000t\000a\000l\000s\000\040\000v\000s\000\040\000T\000\051}{section.4}% 13
\BOOKMARK [2][-]{subsection.4.2}{\376\377\210\370\121\111\131\070\121\113\116\016\210\370\131\107\131\070\121\113\150\007\221\317\121\335\200\132\133\371\153\324}{section.4}% 14
\BOOKMARK [2][-]{subsection.4.3}{\376\377\143\011\000\040\000a\000n\000a\000\040\123\237\127\213\150\007\121\306\133\232\116\111\166\204\150\007\136\246\221\317\000\040\000\050\0001\0006\000\040\000x\000\040\000T\000\040\000x\000\040\000D\000e\000l\000t\000a\000l\000s\000\051}{section.4}% 15
\BOOKMARK [2][-]{subsection.4.4}{\376\377\131\026\220\350\213\241\173\227\147\072\122\006\136\003\137\017\213\241\173\227\145\160\143\156\377\032\000b\000e\000t\000a\000=\0004\000.\0001\0007\000\040\147\011\226\120\156\051\136\246\116\016\117\123\171\357\150\007\136\246\174\373\122\027}{section.4}% 16
\BOOKMARK [2][-]{subsection.4.5}{\376\377\126\372\133\232\156\051\136\246\116\013\166\204\172\172\225\364\117\123\171\357\150\007\136\246\145\110\136\224\000\040\000\050\000T\000=\0001\0005\0003\000.\0003\0001\000\040\000M\000e\000V\000\051}{section.4}% 17
\BOOKMARK [2][-]{subsection.4.6}{\376\377\121\150\221\317\000\040\0001\0003\000\040\176\304\150\074\160\271\121\150\146\157\133\371\153\324\000\040\000\050\000P\000h\000y\000s\000i\000c\000a\000l\000\040\000S\000c\000a\000n\000\040\000v\000s\000\040\000D\000i\000s\000t\000r\000i\000b\000u\000t\000e\000d\000\040\000R\000u\000n\000s\000\051}{section.4}% 18
\BOOKMARK [1][-]{section.5}{\376\377\135\345\172\013\133\236\163\260\147\266\147\204\116\016\145\160\143\156\173\241\220\123\000\040\000\050\000S\000o\000f\000t\000w\000a\000r\000e\000\040\000A\000r\000c\000h\000i\000t\000e\000c\000t\000u\000r\000e\000\040\000\046\000\040\000P\000i\000p\000e\000l\000i\000n\000e\000\051}{}% 19
\BOOKMARK [2][-]{subsection.5.1}{\376\377\123\314\150\070\213\241\173\227\147\266\147\204\213\276\213\241}{section.5}% 20
\BOOKMARK [2][-]{subsection.5.2}{\376\377\162\354\172\313\226\224\171\273\204\075\166\330\116\016\145\340\143\137\130\236\221\317\124\010\136\166\147\072\122\066}{section.5}% 21
\BOOKMARK [1][-]{section.6}{\376\377\176\323\213\272\000\040\000\050\000C\000o\000n\000c\000l\000u\000s\000i\000o\000n\000\051}{}% 22
